// Jest Snapshot v1, https://goo.gl/fbAQLP

exports[`Checking Breweries FlatList Rendering 1`] = `
<RCTScrollView
  data={
    Array [
      Object {
        "address_2": null,
        "address_3": null,
        "brewery_type": "contract",
        "city": "New York",
        "country": "United States",
        "county_province": null,
        "created_at": "2022-08-20T02:56:08.975Z",
        "id": "alphabet-city-brewing-co-new-york",
        "latitude": null,
        "longitude": null,
        "name": "Alphabet City Brewing Co",
        "phone": "9143566809",
        "postal_code": "10009-7055",
        "state": "New York",
        "street": "96 Avenue C Frnt 4",
        "updated_at": "2022-08-20T02:56:08.975Z",
        "website_url": "http://www.acbnyc.com",
      },
    ]
  }
  getItem={[Function]}
  getItemCount={[Function]}
  keyExtractor={[Function]}
  onContentSizeChange={[Function]}
  onLayout={[Function]}
  onMomentumScrollBegin={[Function]}
  onMomentumScrollEnd={[Function]}
  onScroll={[Function]}
  onScrollBeginDrag={[Function]}
  onScrollEndDrag={[Function]}
  removeClippedSubviews={false}
  renderItem={[Function]}
  scrollEventThrottle={50}
  stickyHeaderIndices={Array []}
  viewabilityConfigCallbackPairs={Array []}
>
  <View>
    <View
      onLayout={[Function]}
      style={null}
    >
      <View
        accessible={true}
        collapsable={false}
        focusable={true}
        onClick={[Function]}
        onResponderGrant={[Function]}
        onResponderMove={[Function]}
        onResponderRelease={[Function]}
        onResponderTerminate={[Function]}
        onResponderTerminationRequest={[Function]}
        onStartShouldSetResponder={[Function]}
        style={
          Object {
            "opacity": 1,
          }
        }
      >
        <View
          style={
            Array [
              Object {
                "alignItems": "flex-start",
                "flex": 1,
                "padding": 10,
              },
              Object {
                "backgroundColor": "#ddd",
              },
            ]
          }
        >
          <View
            style={
              Object {
                "alignItems": "center",
                "flexDirection": "row",
                "justifyContent": "center",
                "marginBottom": 5,
              }
            }
          >
            <View
              style={
                Object {
                  "alignItems": "center",
                  "backgroundColor": "#38b6ba",
                  "borderRadius": 75,
                  "height": 30,
                  "justifyContent": "center",
                  "marginRight": 5,
                  "width": 30,
                }
              }
            >
              <Text
                style={
                  Object {
                    "align": "center",
                  }
                }
              >
                 
                1
                 
              </Text>
            </View>
            <Text
              style={
                Object {
                  "fontSize": 16,
                  "fontWeight": "bold",
                }
              }
            >
              Alphabet City Brewing Co
               ðŸ‘†
            </Text>
          </View>
          <Text>
            96 Avenue C Frnt 4
            New York
            , 
            New York
            , 
            United States
            ,
             
            10009-7055
          </Text>
        </View>
      </View>
    </View>
  </View>
</RCTScrollView>
`;

exports[`Home Checking Breweries FlatList Rendering 1`] = `
<RCTScrollView
  data={
    Array [
      Object {
        "address_2": null,
        "address_3": null,
        "brewery_type": "contract",
        "city": "New York",
        "country": "United States",
        "county_province": null,
        "created_at": "2022-08-20T02:56:08.975Z",
        "id": "alphabet-city-brewing-co-new-york",
        "latitude": null,
        "longitude": null,
        "name": "Alphabet City Brewing Co",
        "phone": "9143566809",
        "postal_code": "10009-7055",
        "state": "New York",
        "street": "96 Avenue C Frnt 4",
        "updated_at": "2022-08-20T02:56:08.975Z",
        "website_url": "http://www.acbnyc.com",
      },
    ]
  }
  getItem={[Function]}
  getItemCount={[Function]}
  keyExtractor={[Function]}
  onContentSizeChange={[Function]}
  onLayout={[Function]}
  onMomentumScrollBegin={[Function]}
  onMomentumScrollEnd={[Function]}
  onScroll={[Function]}
  onScrollBeginDrag={[Function]}
  onScrollEndDrag={[Function]}
  removeClippedSubviews={false}
  renderItem={[Function]}
  scrollEventThrottle={50}
  stickyHeaderIndices={Array []}
  viewabilityConfigCallbackPairs={Array []}
>
  <View>
    <View
      onLayout={[Function]}
      style={null}
    >
      <View
        accessible={true}
        collapsable={false}
        focusable={true}
        onClick={[Function]}
        onResponderGrant={[Function]}
        onResponderMove={[Function]}
        onResponderRelease={[Function]}
        onResponderTerminate={[Function]}
        onResponderTerminationRequest={[Function]}
        onStartShouldSetResponder={[Function]}
        style={
          Object {
            "opacity": 1,
          }
        }
      >
        <View
          style={
            Array [
              Object {
                "alignItems": "flex-start",
                "flex": 1,
                "padding": 10,
              },
              Object {
                "backgroundColor": "#ddd",
              },
            ]
          }
        >
          <View
            style={
              Object {
                "alignItems": "center",
                "flexDirection": "row",
                "justifyContent": "center",
                "marginBottom": 5,
              }
            }
          >
            <View
              style={
                Object {
                  "alignItems": "center",
                  "backgroundColor": "#38b6ba",
                  "borderRadius": 75,
                  "height": 30,
                  "justifyContent": "center",
                  "marginRight": 5,
                  "width": 30,
                }
              }
            >
              <Text
                style={
                  Object {
                    "align": "center",
                  }
                }
              >
                 
                1
                 
              </Text>
            </View>
            <Text
              style={
                Object {
                  "fontSize": 16,
                  "fontWeight": "bold",
                }
              }
            >
              Alphabet City Brewing Co
               ðŸ‘†
            </Text>
          </View>
          <Text>
            96 Avenue C Frnt 4
            New York
            , 
            New York
            , 
            United States
            ,
             
            10009-7055
          </Text>
        </View>
      </View>
    </View>
  </View>
</RCTScrollView>
`;
