// Jest Snapshot v1, https://goo.gl/fbAQLP

exports[`Checking Breweries Home Rendering Checking Breweries Home Rendering 1`] = `
<RCTSafeAreaView
  style={
    Object {
      "flex": 1,
    }
  }
>
  <View
    style={
      Object {
        "flex": 1,
        "flexDirection": "column",
        "padding": 5,
      }
    }
  >
    <View
      style={
        Object {
          "alignItems": "center",
          "flexDirection": "row",
          "justifyContent": "center",
          "marginBottom": 5,
        }
      }
    >
      <TextInput
        onChangeText={[Function]}
        placeholder="Search Here"
        style={
          Object {
            "borderColor": "#000000",
            "borderRadius": 5,
            "borderWidth": 1,
            "flex": 1,
            "height": 50,
            "padding": 10,
          }
        }
      />
      <View
        accessible={true}
        collapsable={false}
        focusable={true}
        onClick={[Function]}
        onResponderGrant={[Function]}
        onResponderMove={[Function]}
        onResponderRelease={[Function]}
        onResponderTerminate={[Function]}
        onResponderTerminationRequest={[Function]}
        onStartShouldSetResponder={[Function]}
        style={
          Object {
            "backgroundColor": "#38b6ba",
            "borderColor": "black",
            "borderRadius": 5,
            "borderWidth": 1,
            "marginLeft": 5,
            "opacity": 1,
            "padding": 15,
          }
        }
      >
        <Image
          source={
            Object {
              "uri": "https://img.icons8.com/ios-glyphs/344/search.png",
            }
          }
          style={
            Object {
              "height": 20,
              "width": 20,
            }
          }
        />
      </View>
    </View>
    <ActivityIndicator />
  </View>
</RCTSafeAreaView>
`;

exports[`Checking Breweries Home Rendering Checking Breweries Home with fakeNavigation Rendering 1`] = `
<RCTSafeAreaView
  style={
    Object {
      "flex": 1,
    }
  }
>
  <View
    style={
      Object {
        "flex": 1,
        "flexDirection": "column",
        "padding": 5,
      }
    }
  >
    <View
      style={
        Object {
          "alignItems": "center",
          "flexDirection": "row",
          "justifyContent": "center",
          "marginBottom": 5,
        }
      }
    >
      <TextInput
        onChangeText={[Function]}
        placeholder="Search Here"
        style={
          Object {
            "borderColor": "#000000",
            "borderRadius": 5,
            "borderWidth": 1,
            "flex": 1,
            "height": 50,
            "padding": 10,
          }
        }
      />
      <View
        accessible={true}
        collapsable={false}
        focusable={true}
        onClick={[Function]}
        onResponderGrant={[Function]}
        onResponderMove={[Function]}
        onResponderRelease={[Function]}
        onResponderTerminate={[Function]}
        onResponderTerminationRequest={[Function]}
        onStartShouldSetResponder={[Function]}
        style={
          Object {
            "backgroundColor": "#38b6ba",
            "borderColor": "black",
            "borderRadius": 5,
            "borderWidth": 1,
            "marginLeft": 5,
            "opacity": 1,
            "padding": 15,
          }
        }
      >
        <Image
          source={
            Object {
              "uri": "https://img.icons8.com/ios-glyphs/344/search.png",
            }
          }
          style={
            Object {
              "height": 20,
              "width": 20,
            }
          }
        />
      </View>
    </View>
    <ActivityIndicator />
  </View>
</RCTSafeAreaView>
`;
